../Core/Src/HMC5883L.c:18:8:HMC5883L_readRaw	40	static
../Core/Src/HMC5883L.c:27:8:HMC5883L_readNormalize	40	static
../Core/Src/HMC5883L.c:36:6:HMC5883L_setOffset	16	static
../Core/Src/HMC5883L.c:42:6:HMC5883L_setRange	16	static
../Core/Src/HMC5883L.c:85:18:HMC5883L_getRange	8	static
../Core/Src/HMC5883L.c:90:6:HMC5883L_setMeasurementMode	24	static
../Core/Src/HMC5883L.c:101:17:HMC5883L_getMeasurementMode	16	static
../Core/Src/HMC5883L.c:111:6:HMC5883L_setDataRate	24	static
../Core/Src/HMC5883L.c:122:21:HMC5883L_getDataRate	16	static
../Core/Src/HMC5883L.c:133:6:HMC5883L_setSamples	24	static
../Core/Src/HMC5883L.c:144:20:HMC5883L_getSamples	16	static
../Core/Src/HMC5883L.c:156:6:HMC5883L_writeRegister8	32	static
../Core/Src/HMC5883L.c:162:9:HMC5883L_fastRegister8	40	static
../Core/Src/HMC5883L.c:171:9:HMC5883L_readRegister8	40	static
../Core/Src/HMC5883L.c:179:9:HMC5883L_readRegister16	40	static
../Core/Src/HMC5883L.c:191:6:Compass_Init	8	static
../Core/Src/HMC5883L.c:199:6:calculateHeading	16	static
