../Core/Src/HMC5883L.c:20:8:HMC5883L_readRaw	40	static
../Core/Src/HMC5883L.c:29:8:HMC5883L_readNormalize	40	static
../Core/Src/HMC5883L.c:38:6:HMC5883L_setOffset	16	static
../Core/Src/HMC5883L.c:44:6:HMC5883L_setRange	16	static
../Core/Src/HMC5883L.c:87:18:HMC5883L_getRange	8	static
../Core/Src/HMC5883L.c:92:6:HMC5883L_setMeasurementMode	24	static
../Core/Src/HMC5883L.c:103:17:HMC5883L_getMeasurementMode	16	static
../Core/Src/HMC5883L.c:113:6:HMC5883L_setDataRate	24	static
../Core/Src/HMC5883L.c:124:21:HMC5883L_getDataRate	16	static
../Core/Src/HMC5883L.c:135:6:HMC5883L_setSamples	24	static
../Core/Src/HMC5883L.c:146:20:HMC5883L_getSamples	16	static
../Core/Src/HMC5883L.c:158:6:HMC5883L_writeRegister8	32	static
../Core/Src/HMC5883L.c:164:9:HMC5883L_fastRegister8	40	static
../Core/Src/HMC5883L.c:173:9:HMC5883L_readRegister8	40	static
../Core/Src/HMC5883L.c:181:9:HMC5883L_readRegister16	40	static
../Core/Src/HMC5883L.c:193:6:Compass_Init	8	static
../Core/Src/HMC5883L.c:201:6:calculateHeading	16	static
