../Core/Src/HMC5883L.c:13:8:HMC5883L_readRaw	40	static
../Core/Src/HMC5883L.c:22:8:HMC5883L_readNormalize	40	static
../Core/Src/HMC5883L.c:31:6:HMC5883L_setOffset	16	static
../Core/Src/HMC5883L.c:37:6:HMC5883L_setRange	16	static
../Core/Src/HMC5883L.c:80:18:HMC5883L_getRange	8	static
../Core/Src/HMC5883L.c:85:6:HMC5883L_setMeasurementMode	24	static
../Core/Src/HMC5883L.c:96:17:HMC5883L_getMeasurementMode	16	static
../Core/Src/HMC5883L.c:106:6:HMC5883L_setDataRate	24	static
../Core/Src/HMC5883L.c:117:21:HMC5883L_getDataRate	16	static
../Core/Src/HMC5883L.c:128:6:HMC5883L_setSamples	24	static
../Core/Src/HMC5883L.c:139:20:HMC5883L_getSamples	16	static
../Core/Src/HMC5883L.c:151:6:HMC5883L_writeRegister8	32	static
../Core/Src/HMC5883L.c:157:9:HMC5883L_fastRegister8	40	static
../Core/Src/HMC5883L.c:166:9:HMC5883L_readRegister8	40	static
../Core/Src/HMC5883L.c:174:9:HMC5883L_readRegister16	40	static
../Core/Src/HMC5883L.c:186:6:Compass_Init	8	static
